[2026-04-08 00:04:44] Sync started
[2026-04-08 00:04:44] INFO: Checking directory structure...
[2026-04-08 00:04:44] INFO:   [OK] core/
[2026-04-08 00:04:44] INFO:   [OK] scripts/
[2026-04-08 00:04:44] INFO:   [OK] logs/
[2026-04-08 00:04:44] INFO:   [OK] templates/
[2026-04-08 00:04:44] INFO: Checking core memory files...
[2026-04-08 00:04:44] INFO:   [OK] USER.md (2177 bytes)
[2026-04-08 00:04:44] INFO:   [OK] SYSTEM.md (2602 bytes)
[2026-04-08 00:04:44] INFO:   [OK] BUSINESSES.md (4847 bytes)
[2026-04-08 00:04:44] INFO:   [OK] AGENTS.md (4312 bytes)
[2026-04-08 00:04:44] INFO:   [OK] TOOLS.md (3357 bytes)
[2026-04-08 00:04:44] INFO:   [OK] COMMUNICATIONS.md (3021 bytes)
[2026-04-08 00:04:44] INFO:   [OK] SOUL.md (3755 bytes)
[2026-04-08 00:04:44] INFO: Scanning for unfilled placeholders...
[2026-04-08 00:04:44] INFO:   AGENTS.md: 13 placeholder(s) remaining
[2026-04-08 00:04:44] INFO:   AUDIT_REPORT.md: fully populated
[2026-04-08 00:04:44] INFO:   BUSINESSES.md: 45 placeholder(s) remaining
[2026-04-08 00:04:44] INFO:   COMMUNICATIONS.md: 15 placeholder(s) remaining
[2026-04-08 00:04:44] INFO:   SOUL.md: 1 placeholder(s) remaining
[2026-04-08 00:04:44] INFO:   SYSTEM.md: 19 placeholder(s) remaining
[2026-04-08 00:04:44] INFO:   TOOLS.md: 16 placeholder(s) remaining
[2026-04-08 00:04:44] INFO:   USER.md: 16 placeholder(s) remaining
[2026-04-08 00:04:44] INFO: Git repository detected.
[2026-04-08 00:04:44] INFO:   Changes detected in AgentMemory/:
[2026-04-08 00:04:44] INFO:     ?? AgentMemory/
[2026-04-08 00:04:44] INFO: Directory structure: OK
[2026-04-08 00:04:44] INFO: Core files: 7 expected, 7 found
[2026-04-08 00:04:44] INFO: Placeholders remaining: 125
[2026-04-08 00:04:44] INFO: Log written to: /home/user/logo-strag/AgentMemory/logs/sync-20260408-000444.log
[2026-04-08 00:04:44] Sync completed
